Puzzle:	{3,3,3} 1.0
NumFaces:	5
NumCubies:	1
NumStickers:	5
NumGrips:	75

Puzzle:	{3,3,3} 2.0
NumFaces:	5
NumCubies:	16
NumStickers:	55
NumGrips:	75

Puzzle:	{3,3,3} 3.0
NumFaces:	5
NumCubies:	55
NumStickers:	155
NumGrips:	75

Puzzle:	{3,3,3} 4.0
NumFaces:	5
NumCubies:	135
NumStickers:	325
NumGrips:	75

Puzzle:	{3,3,3} 5.0
NumFaces:	5
NumCubies:	275
NumStickers:	585
NumGrips:	75

Puzzle:	{3,3,3} 6.0
NumFaces:	5
NumCubies:	495
NumStickers:	955
NumGrips:	75

Puzzle:	{3,3,3} 7.0
NumFaces:	5
NumCubies:	815
NumStickers:	1455
NumGrips:	75

Puzzle:	{3,3,3} 8.0
NumFaces:	5
NumCubies:	1255
NumStickers:	2105
NumGrips:	75

Puzzle:	{3,3,3} 9.0
NumFaces:	5
NumCubies:	1835
NumStickers:	2925
NumGrips:	75

Puzzle:	{4,3,3} 1.0
NumFaces:	8
NumCubies:	1
NumStickers:	8
NumGrips:	216

Puzzle:	{4,3,3} 2.0
NumFaces:	8
NumCubies:	16
NumStickers:	64
NumGrips:	216

Puzzle:	{4,3,3} 3.0
NumFaces:	8
NumCubies:	80
NumStickers:	216
NumGrips:	216

Puzzle:	{4,3,3} 4.0
NumFaces:	8
NumCubies:	240
NumStickers:	512
NumGrips:	216

Puzzle:	{4,3,3} 5.0
NumFaces:	8
NumCubies:	544
NumStickers:	1000
NumGrips:	216

Puzzle:	{4,3,3} 6.0
NumFaces:	8
NumCubies:	1040
NumStickers:	1728
NumGrips:	216

Puzzle:	{4,3,3} 7.0
NumFaces:	8
NumCubies:	1776
NumStickers:	2744
NumGrips:	216

Puzzle:	{4,3,3} 8.0
NumFaces:	8
NumCubies:	2800
NumStickers:	4096
NumGrips:	216

Puzzle:	{4,3,3} 9.0
NumFaces:	8
NumCubies:	4160
NumStickers:	5832
NumGrips:	216

Puzzle:	{5}x{4} 1.0
NumFaces:	9
NumCubies:	1
NumStickers:	9
NumGrips:	267

Puzzle:	{5}x{4} 2.0
NumFaces:	9
NumCubies:	44
NumStickers:	128
NumGrips:	267

Puzzle:	{5}x{4} 3.0
NumFaces:	9
NumCubies:	98
NumStickers:	267
NumGrips:	267

Puzzle:	{5}x{4} 4.0
NumFaces:	9
NumCubies:	432
NumStickers:	816
NumGrips:	267

Puzzle:	{5}x{4} 5.0
NumFaces:	9
NumCubies:	676
NumStickers:	1245
NumGrips:	267

Puzzle:	{5}x{4} 6.0
NumFaces:	9
NumCubies:	1620
NumStickers:	2544
NumGrips:	267

Puzzle:	{5}x{4} 7.0
NumFaces:	9
NumCubies:	2214
NumStickers:	3423
NumGrips:	267

Puzzle:	{6}x{4} 1.0
NumFaces:	10
NumCubies:	1
NumStickers:	10
NumGrips:	318

Puzzle:	{6}x{4} 2.0
NumFaces:	10
NumCubies:	52
NumStickers:	152
NumGrips:	318

Puzzle:	{6}x{4} 3.0
NumFaces:	10
NumCubies:	116
NumStickers:	318
NumGrips:	318

Puzzle:	{6}x{4} 4.0
NumFaces:	10
NumCubies:	516
NumStickers:	976
NumGrips:	318

Puzzle:	{6}x{4} 5.0
NumFaces:	10
NumCubies:	808
NumStickers:	1490
NumGrips:	318

Puzzle:	{6}x{4} 6.0
NumFaces:	10
NumCubies:	1940
NumStickers:	3048
NumGrips:	318

Puzzle:	{6}x{4} 7.0
NumFaces:	10
NumCubies:	2652
NumStickers:	4102
NumGrips:	318

Puzzle:	{7}x{4} 1.0
NumFaces:	11
NumCubies:	1
NumStickers:	11
NumGrips:	369

Puzzle:	{7}x{4} 2.0
NumFaces:	11
NumCubies:	60
NumStickers:	176
NumGrips:	369

Puzzle:	{7}x{4} 3.0
NumFaces:	11
NumCubies:	134
NumStickers:	369
NumGrips:	369

Puzzle:	{7}x{4} 4.0
NumFaces:	11
NumCubies:	600
NumStickers:	1136
NumGrips:	369

Puzzle:	{7}x{4} 5.0
NumFaces:	11
NumCubies:	940
NumStickers:	1735
NumGrips:	369

Puzzle:	{7}x{4} 6.0
NumFaces:	11
NumCubies:	2260
NumStickers:	3552
NumGrips:	369

Puzzle:	{7}x{4} 7.0
NumFaces:	11
NumCubies:	3090
NumStickers:	4781
NumGrips:	369

Puzzle:	{8}x{4} 1.0
NumFaces:	12
NumCubies:	1
NumStickers:	12
NumGrips:	420

Puzzle:	{8}x{4} 2.0
NumFaces:	12
NumCubies:	68
NumStickers:	200
NumGrips:	420

Puzzle:	{8}x{4} 3.0
NumFaces:	12
NumCubies:	152
NumStickers:	420
NumGrips:	420

Puzzle:	{8}x{4} 4.0
NumFaces:	12
NumCubies:	684
NumStickers:	1296
NumGrips:	420

Puzzle:	{8}x{4} 5.0
NumFaces:	12
NumCubies:	1072
NumStickers:	1980
NumGrips:	420

Puzzle:	{8}x{4} 6.0
NumFaces:	12
NumCubies:	2580
NumStickers:	4056
NumGrips:	420

Puzzle:	{8}x{4} 7.0
NumFaces:	12
NumCubies:	3528
NumStickers:	5460
NumGrips:	420

Puzzle:	{9}x{4} 1.0
NumFaces:	13
NumCubies:	1
NumStickers:	13
NumGrips:	471

Puzzle:	{9}x{4} 2.0
NumFaces:	13
NumCubies:	76
NumStickers:	224
NumGrips:	471

Puzzle:	{9}x{4} 3.0
NumFaces:	13
NumCubies:	170
NumStickers:	471
NumGrips:	471

Puzzle:	{9}x{4} 4.0
NumFaces:	13
NumCubies:	768
NumStickers:	1456
NumGrips:	471

Puzzle:	{9}x{4} 5.0
NumFaces:	13
NumCubies:	1204
NumStickers:	2225
NumGrips:	471

Puzzle:	{9}x{4} 6.0
NumFaces:	13
NumCubies:	2900
NumStickers:	4560
NumGrips:	471

Puzzle:	{9}x{4} 7.0
NumFaces:	13
NumCubies:	3966
NumStickers:	6139
NumGrips:	471

Puzzle:	{10}x{4} 1.0
NumFaces:	14
NumCubies:	1
NumStickers:	14
NumGrips:	522

Puzzle:	{10}x{4} 2.0
NumFaces:	14
NumCubies:	84
NumStickers:	248
NumGrips:	522

Puzzle:	{10}x{4} 3.0
NumFaces:	14
NumCubies:	188
NumStickers:	522
NumGrips:	522

Puzzle:	{10}x{4} 4.0
NumFaces:	14
NumCubies:	852
NumStickers:	1616
NumGrips:	522

Puzzle:	{10}x{4} 5.0
NumFaces:	14
NumCubies:	1336
NumStickers:	2470
NumGrips:	522

Puzzle:	{10}x{4} 6.0
NumFaces:	14
NumCubies:	3220
NumStickers:	5064
NumGrips:	522

Puzzle:	{10}x{4} 7.0
NumFaces:	14
NumCubies:	4404
NumStickers:	6818
NumGrips:	522

Puzzle:	{100}x{4} 1.0
NumFaces:	104
NumCubies:	1
NumStickers:	104
NumGrips:	5112

Puzzle:	{100}x{4} 3.0
NumFaces:	104
NumCubies:	1808
NumStickers:	5112
NumGrips:	5112

Puzzle:	{5}x{5} 1.0
NumFaces:	10
NumCubies:	1
NumStickers:	10
NumGrips:	330

Puzzle:	{5}x{5} 2.0
NumFaces:	10
NumCubies:	85
NumStickers:	220
NumGrips:	330

Puzzle:	{5}x{5} 3.0
NumFaces:	10
NumCubies:	120
NumStickers:	330
NumGrips:	330

Puzzle:	{5}x{5} 4.0
NumFaces:	10
NumCubies:	705
NumStickers:	1240
NumGrips:	330

Puzzle:	{5}x{5} 5.0
NumFaces:	10
NumCubies:	840
NumStickers:	1550
NumGrips:	330

Puzzle:	{5}x{5} 6.0
NumFaces:	10
NumCubies:	2425
NumStickers:	3660
NumGrips:	330

Puzzle:	{5}x{5} 7.0
NumFaces:	10
NumCubies:	2760
NumStickers:	4270
NumGrips:	330

Puzzle:	{5}x{10} 1.0
NumFaces:	15
NumCubies:	1
NumStickers:	15
NumGrips:	645

Puzzle:	{5}x{10} 2.0
NumFaces:	15
NumCubies:	165
NumStickers:	430
NumGrips:	645

Puzzle:	{5}x{10} 3.0
NumFaces:	15
NumCubies:	230
NumStickers:	645
NumGrips:	645

Puzzle:	{10}x{10} 1.0
NumFaces:	20
NumCubies:	1
NumStickers:	20
NumGrips:	1260

Puzzle:	{10}x{10} 2.0
NumFaces:	20
NumCubies:	320
NumStickers:	840
NumGrips:	1260

Puzzle:	{10}x{10} 3.0
NumFaces:	20
NumCubies:	440
NumStickers:	1260
NumGrips:	1260

Puzzle:	{5,3}x{} 1.0
NumFaces:	14
NumCubies:	1
NumStickers:	14
NumGrips:	522

Puzzle:	{5,3}x{} 2.0
NumFaces:	14
NumCubies:	126
NumStickers:	390
NumGrips:	522

Puzzle:	{5,3}x{} 3.0
NumFaces:	14
NumCubies:	188
NumStickers:	522
NumGrips:	522

Puzzle:	{5,3}x{} 4.0
NumFaces:	14
NumCubies:	1094
NumStickers:	2098
NumGrips:	522

Puzzle:	{5,3}x{} 5.0
NumFaces:	14
NumCubies:	1336
NumStickers:	2470
NumGrips:	522

Puzzle:	{5,3}x{} 6.0
NumFaces:	14
NumCubies:	3862
NumStickers:	6086
NumGrips:	522

Puzzle:	{5,3}x{} 7.0
NumFaces:	14
NumCubies:	4404
NumStickers:	6818
NumGrips:	522

Puzzle:	{5,3,3} 1.0
NumFaces:	120
NumCubies:	1
NumStickers:	120
NumGrips:	7560

Puzzle:	{5,3,3} 2.0
NumFaces:	120
NumCubies:	2640
NumStickers:	7560
NumGrips:	7560

Puzzle:	{5,3,3} 3.0
NumFaces:	120
NumCubies:	2640
NumStickers:	7560
NumGrips:	7560

